[prehesap.com/index.html]
[backblue.gif]
[fade.gif]
[index.html]
[pro.fontawesome.com/releases/v5.10.0/css/all.css]
[prehesap.com/assets/css/bootstrap-reboot.min.css]
[prehesap.com/assets/css/bootstrap-grid.min.css]
[prehesap.com/assets/css/owl.carousel.min.css]
[prehesap.com/assets/css/magnific-popup.css]
[prehesap.com/assets/css/nouislider.min.css]
[prehesap.com/assets/css/iziToast.min.css]
[prehesap.com/assets/css/wan-spinner.css]
[prehesap.com/assets/css/jquery.mCustomScrollbar.min.css]
[prehesap.com/assets/css/paymentfont.min.css]
[prehesap.com/assets/css/main.css]
[prehesap.com/uploads/system/5ef53337d2b07-5ef0aec2c0b47-favicon.png]
[prehesap.com/uploads/system/5ef08e0b04e27-prehesapustmavi.png]
[prehesap.com/kategoriler/tumu.html]
[prehesap.com/kategoriler/minecraft.html]
[prehesap.com/kategoriler/steam.html]
[prehesap.com/kategoriler/sosyal-paket.html]
[prehesap.com/kategoriler/origin.html]
[prehesap.com/kategoriler/uplay.html]
[prehesap.com/kategoriler/epic-games.html]
[prehesap.com/kategoriler/microsoft-store.html]
[prehesap.com/kategoriler/saat-kasma-ve-rastgele-hesaplar.html]
[prehesap.com/yardim-merkezi.html]
[pro.fontawesome.com/releases/v5.10.0/js/all.js]
[prehesap.com/sayfa/satis-sozlesmesi.html]
[prehesap.com/sayfa/hakkimizda.html]
[prehesap.com/uploads/system/5ef08e0b0d1d4-prehesap.jpg]
[prehesap.com/urun/nba-2k21.html]
[prehesap.com/uploads/products/5f7adf3710d91-nba2k20.jpg]
[prehesap.com/urun/fifa-21.html]
[prehesap.com/uploads/products/5f7add9c5ec1c-fifa21.jpg]
[prehesap.com/urun/forza-horizon-4-deluxe.html]
[prehesap.com/uploads/products/5ef1452f084ca-forzahorizo4deluxeedition.jpg]
[prehesap.com/urun/counter-strike-global-offensive-prime-ek-oyunlar.html]
[prehesap.com/uploads/products/5ef13c0e633aa-csgo.jpg]
[prehesap.com/urun/red-dead-redemption-2.html]
[prehesap.com/uploads/products/5ef13bbf3bad7-rdr2.jpg]
[prehesap.com/urun/mafia-definitive-edition.html]
[prehesap.com/uploads/products/5f7ae0c7744fa-mafia.jpg]
[prehesap.com/urun/minecraft-cape.html]
[prehesap.com/uploads/products/5ef1327d13126-cape.jpg]
[prehesap.com/urun/minecon-cape.html]
[prehesap.com/uploads/products/5ef1322c6123c-minecon.jpg]
[prehesap.com/urun/grand-theft-auto-v.html]
[prehesap.com/uploads/products/5ef13b753cb80-gta5.jpg]
[prehesap.com/urun/steam-random-key.html]
[prehesap.com/uploads/products/5ef13b3c44465-rastgele.jpg]
[prehesap.com/urun/rainbow-six-siege.html]
[prehesap.com/uploads/products/5ef13a1b9667a-r6.jpg]
[prehesap.com/urun/mount-blade-ii-bannerlord.html]
[prehesap.com/uploads/products/5ef139f26dfcc-bannerlord2.jpg]
[prehesap.com/urun/efootball-pes-2020.html]
[prehesap.com/uploads/products/5ef13995de1fd-pes2020.jpg]
[prehesap.com/urun/football-manager-2020.html]
[prehesap.com/uploads/products/5ef1395ef3f1a-fm.jpg]
[prehesap.com/urun/nba-2k20.html]
[prehesap.com/uploads/products/5ef1391aa1b16-nba2k20.jpg]
[prehesap.com/urun/euro-truck-simulator-2.html]
[prehesap.com/uploads/products/5ef138db7008e-ets2.jpg]
[prehesap.com/urun/mafia-3.html]
[prehesap.com/uploads/products/5ef1388fbd399-mafia3.jpg]
[prehesap.com/urun/playerunknown-s-battlegrounds.html]
[prehesap.com/uploads/products/5ef1383b28cc5-pubg.jpg]
[prehesap.com/urun/the-witcher-3-wild-hunt.html]
[prehesap.com/uploads/products/5ef137e9e497c-witcher3.jpg]
[prehesap.com/urun/call-of-duty-black-ops-iii.html]
[prehesap.com/uploads/products/5ef137be41285-blackops3.jpg]
[prehesap.com/urun/call-of-duty-modern-warfare-3.html]
[prehesap.com/uploads/products/5ef137956b1ae-modernwarfare3.jpg]
[prehesap.com/urun/mafia-2.html]
[prehesap.com/uploads/products/5ef1375d4ae53-mafia2.jpg]
[prehesap.com/urun/15-yillik-steam-hesabi.html]
[prehesap.com/uploads/products/5ef47cd2390e7-15-yil.jpg]
[prehesap.com/urun/portal-2.html]
[prehesap.com/uploads/products/5ef136f720c5a-portal2.jpg]
[prehesap.com/urun/resident-evil-7-biohazard.html]
[prehesap.com/uploads/products/5ef136a94f596-residentevil.jpg]
[prehesap.com/urun/dark-souls-iii-deluxe-edition.html]
[prehesap.com/uploads/products/5ef13635cdcd1-darksouls3.jpg]
[prehesap.com/urun/metro-2033-redux.html]
[prehesap.com/uploads/products/5ef13578b4cb6-metroredux.jpg]
[prehesap.com/urun/metro-exodus.html]
[prehesap.com/uploads/products/5ef1351c0280f-metroexodus.jpg]
[prehesap.com/urun/metro-2033.html]
[prehesap.com/uploads/products/5ef247386bc1e-metro2033.jpg]
[prehesap.com/urun/blutv.html]
[prehesap.com/uploads/products/5ef47c00a7d6a-bluetv.jpg]
[prehesap.com/urun/netflix-aile-4k.html]
[prehesap.com/uploads/products/5ef13d7aae5b4-netflix.jpg]
[prehesap.com/urun/spotify.html]
[prehesap.com/uploads/products/5ef13d2f45baa-spotify.jpg]
[prehesap.com/urun/youtube-premium.html]
[prehesap.com/uploads/products/5ef13cec5674d-ytpremium.jpg]
[prehesap.com/urun/sosyal-paket.html]
[prehesap.com/uploads/products/5ef13caa81e2d-sosyalpaket.jpg]
[prehesap.com/urun/fifa-20.html]
[prehesap.com/uploads/products/5ef14059c60f8-fifa20.jpg]
[prehesap.com/urun/battlefield-1.html]
[prehesap.com/uploads/products/5ef1403018047-bf1.jpg]
[prehesap.com/urun/battlefield-3.html]
[prehesap.com/uploads/products/5ef14003d47ce-bf3.jpg]
[prehesap.com/urun/battlefield-4.html]
[prehesap.com/uploads/products/5ef13fcf30452-bf4.jpg]
[prehesap.com/urun/battlefield-5.html]
[prehesap.com/uploads/products/5ef13fa163e2f-bf5.jpg]
[prehesap.com/urun/need-for-speed-payback.html]
[prehesap.com/uploads/products/5ef13f6900f35-nfspayback.jpg]
[prehesap.com/urun/need-for-speed-heat.html]
[prehesap.com/uploads/products/5ef13f43459ee-nfsheat.jpg]
[prehesap.com/urun/the-sims-4.html]
[prehesap.com/uploads/products/5ef13f1e8bdbd-sims4.jpg]
[prehesap.com/urun/fifa-19.html]
[prehesap.com/uploads/products/5ef13ed405fb7-fifa19.jpg]
[prehesap.com/urun/star-wars-battlefront.html]
[prehesap.com/uploads/products/5ef13eb18a005-battlefront.jpg]
[prehesap.com/urun/star-wars-battlefront-2.html]
[prehesap.com/uploads/products/5ef13e8a6416a-battlefront2.jpg]
[prehesap.com/urun/star-wars-jedi-fallen-order.html]
[prehesap.com/uploads/products/5ef13e46a7a0d-jedifallenorder.jpg]
[prehesap.com/urun/a-way-out.html]
[prehesap.com/uploads/products/5ef13dfe2d431-awayout.jpg]
[prehesap.com/urun/anthem.html]
[prehesap.com/uploads/products/5ef13dd2c41c5-anthem.jpg]
[prehesap.com/urun/battlefield-hardline.html]
[prehesap.com/uploads/products/5ef13db07fe54-bfhardline.jpg]
[prehesap.com/urun/the-crew-2.html]
[prehesap.com/uploads/products/5ef14317a1247-thecrew2.jpg]
[prehesap.com/urun/watch-dogs-2.html]
[prehesap.com/uploads/products/5ef142e1c7ec5-watchdogs2.jpg]
[prehesap.com/urun/watch-dogs.html]
[prehesap.com/uploads/products/5ef142bbd3c6b-watchdogs.jpg]
[prehesap.com/urun/far-cry-new-dawn.html]
[prehesap.com/uploads/products/5ef1428fa4732-farcrynewdawn.jpg]
[prehesap.com/urun/far-cry-5.html]
[prehesap.com/uploads/products/5ef14263dc470-farcry5.jpg]
[prehesap.com/urun/far-cry-4.html]
[prehesap.com/uploads/products/5ef1423d8b21c-farcry4.jpg]
[prehesap.com/urun/far-cry-3.html]
[prehesap.com/uploads/products/5ef1421e0709b-farcry3.jpg]
[prehesap.com/urun/tom-clancy-s-ghost-recon-wildlands.html]
[prehesap.com/uploads/products/5ef141d09dbe9-ghostreconwildlands.jpg]
[prehesap.com/urun/assassins-creed-odyssey.html]
[prehesap.com/uploads/products/5ef141938bb0f-acodyssey.jpg]
[prehesap.com/urun/assassins-creed-black-flag.html]
[prehesap.com/uploads/products/5ef1416e20eee-acblackflag.jpg]
[prehesap.com/urun/assassins-creed-syndicate.html]
[prehesap.com/uploads/products/5ef14133d0ee0-acsyndicade.jpg]
[prehesap.com/urun/assassins-creed-origins.html]
[prehesap.com/uploads/products/5ef14101bb64f-acorigins.jpg]
[prehesap.com/urun/far-cry-primal.html]
[prehesap.com/uploads/products/5ef140be1d44c-farcryprimal.jpg]
[prehesap.com/urun/for-honor.html]
[prehesap.com/uploads/products/5ef1408e9cc67-forhonor.jpg]
[prehesap.com/urun/20-50-fortnite-skin.html]
[prehesap.com/uploads/products/5ef1442e8b973-20-50fortniteskin.jpg]
[prehesap.com/urun/40-100-fortnite-skin.html]
[prehesap.com/uploads/products/5ef144076b58f-40-100fortniteskin.jpg]
[prehesap.com/urun/detroit-become-human.html]
[prehesap.com/uploads/products/5ef143dcaf1d5-detroitbecomehuman.jpg]
[prehesap.com/urun/borderlands-3.html]
[prehesap.com/uploads/products/5ef143907435c-borderlands3.jpg]
[prehesap.com/urun/farming-simulator-19.html]
[prehesap.com/uploads/products/5ef1436a9fdab-farmingsimulator.jpg]
[prehesap.com/urun/sea-of-thives.html]
[prehesap.com/uploads/products/5ef1455c11b83-seaofthieves.jpg]
[prehesap.com/urun/forza-horizon-4-ultimate.html]
[prehesap.com/uploads/products/5ef144f73f9be-forzahorizon4ultimateedition.jpg]
[prehesap.com/urun/windows-10-pro.html]
[prehesap.com/uploads/products/5ef144ca41feb-win10pro.jpg]
[prehesap.com/urun/windows-10-home.html]
[prehesap.com/uploads/products/5ef144a480816-win10home.jpg]
[prehesap.com/urun/eset-antivirus.html]
[prehesap.com/uploads/products/5ef1446b18e7a-esetantivirus.jpg]
[prehesap.com/urun/steam-saat-kasma-1200.html]
[prehesap.com/uploads/products/5ef47b13e3c09-saatkasma.jpg]
[prehesap.com/urun/rastgele-origin.html]
[prehesap.com/uploads/products/5ef145f08ca88-randomorigin.jpg]
[prehesap.com/urun/uplay-rastgele.html]
[prehesap.com/uploads/products/5ef145c325984-randomuplay.jpg]
[prehesap.com/urun/rockstar-rastgele.html]
[prehesap.com/uploads/products/5ef145890b101-randomrockstar.jpg]
[prehesap.com/assets/js/jquery-3.5.0.min.js]
[prehesap.com/assets/js/bootstrap.bundle.min.js]
[prehesap.com/assets/js/owl.carousel.min.js]
[prehesap.com/assets/js/jquery.magnific-popup.min.js]
[prehesap.com/assets/js/jquery.mask.min.js]
[prehesap.com/assets/js/jquery.mask.binding.js]
[prehesap.com/assets/js/wNumb.js]
[prehesap.com/assets/js/nouislider.min.js]
[prehesap.com/assets/js/iziToast.min.js]
[prehesap.com/assets/js/wan-spinner.js]
[prehesap.com/assets/js/jquery.mousewheel.min.js]
[prehesap.com/assets/js/jquery.mCustomScrollbar.min.js]
[prehesap.com/assets/js/main.js]
[prehesap.com/index.html]
[prehesap.com/assets/js/custom.js]
[pro.fontawesome.com/releases/v5.10.0/css/all.css]
[prehesap.com/assets/css/bootstrap-reboot.min.css]
[prehesap.com/assets/css/bootstrap-grid.min.css]
[prehesap.com/assets/css/owl.video.play.png]
[prehesap.com/assets/css/owl.carousel.min.css]
[prehesap.com/assets/css/magnific-popup.css]
[prehesap.com/assets/css/nouislider.min.css]
[prehesap.com/assets/css/iziToast.min.css]
[prehesap.com/assets/css/wan-spinner.css]
[prehesap.com/assets/css/mCSB_buttons.png]
[prehesap.com/assets/css/jquery.mCustomScrollbar.min.css]
[prehesap.com/assets/fonts/paymentfont-webfont.eot]
[prehesap.com/assets/fonts/paymentfont-webfont-1.eot]
[prehesap.com/assets/fonts/paymentfont-webfont.woff]
[prehesap.com/assets/fonts/paymentfont-webfont.ttf]
[prehesap.com/assets/css/paymentfont.min.css]
[prehesap.com/assets/img/arrow.svg]
[prehesap.com/assets/fonts/paymentfont-webfont.svg]
[prehesap.com/assets/img/arrow2.svg]
[prehesap.com/assets/img/home.svg]
[prehesap.com/assets/img/breadcrumb.svg]
[prehesap.com/assets/img/checkmark.svg]
[prehesap.com/assets/img/document.svg]
[prehesap.com/assets/css/main.css]
[prehesap.com/urun/steam-gold-key]
[prehesap.com/uploads/products/5ef13b0fde937-altinkey.jpg]
[prehesap.com/urun/steam-gold-key]
[prehesap.com/urun/steam-gold-key]
[prehesap.com/urun/steam-platnium-key]
[prehesap.com/uploads/products/5ef13ac3d5933-elmaskey.jpg]
[prehesap.com/urun/steam-platnium-key]
[prehesap.com/urun/steam-platnium-key]
[prehesap.com/urun/minecraft-altin-paket]
[prehesap.com/uploads/products/5ef134083f4bb-altin.jpg]
[prehesap.com/urun/minecraft-altin-paket]
[prehesap.com/urun/minecraft-altin-paket]
[prehesap.com/urun/ikili-altin-paket]
[prehesap.com/uploads/products/5ef133ab067a3-2lialtin.jpg]
[prehesap.com/urun/ikili-altin-paket]
[prehesap.com/urun/ikili-altin-paket]
[prehesap.com/urun/minecraft-elmas-paket]
[prehesap.com/uploads/products/5ef1337147bca-elmas.jpg]
[prehesap.com/urun/minecraft-elmas-paket]
[prehesap.com/urun/minecraft-elmas-paket]
[prehesap.com/urun/ikili-elmas-paket]
[prehesap.com/uploads/products/5ef132e79f808-2lielmas.jpg]
[prehesap.com/urun/ikili-elmas-paket]
[prehesap.com/urun/ikili-elmas-paket]
[prehesap.com/kategoriler/tumu.html]
[prehesap.com/urun/minecraft-altin-paket]
[prehesap.com/urun/minecraft-altin-paket]
[prehesap.com/urun/minecraft-altin-paket]
[prehesap.com/urun/ikili-altin-paket]
[prehesap.com/urun/ikili-altin-paket]
[prehesap.com/urun/ikili-altin-paket]
[prehesap.com/urun/minecraft-elmas-paket]
[prehesap.com/urun/minecraft-elmas-paket]
[prehesap.com/urun/minecraft-elmas-paket]
[prehesap.com/urun/ikili-elmas-paket]
[prehesap.com/urun/ikili-elmas-paket]
[prehesap.com/urun/ikili-elmas-paket]
[prehesap.com/kategoriler/minecraft.html]
[prehesap.com/urun/steam-gold-key]
[prehesap.com/urun/steam-gold-key]
[prehesap.com/urun/steam-gold-key]
[prehesap.com/urun/steam-platnium-key]
[prehesap.com/urun/steam-platnium-key]
[prehesap.com/urun/steam-platnium-key]
[prehesap.com/kategoriler/steam.html]
[prehesap.com/kategoriler/sosyal-paket.html]
[prehesap.com/kategoriler/origin.html]
[prehesap.com/kategoriler/uplay.html]
[prehesap.com/kategoriler/epic-games.html]
[prehesap.com/kategoriler/microsoft-store.html]
[prehesap.com/kategoriler/saat-kasma-ve-rastgele-hesaplar.html]
[prehesap.com/yardim/steam-key-i-nasil-kullanabilirim.html]
[prehesap.com/yardim/urunu-satin-aldiktan-sonra-ne-kadar-surede-teslim-edilir.html]
[prehesap.com/yardim/kredi-karti-bilgilerimiz-kisisel-bilgilerimiz-guvende-mi.html]
[prehesap.com/yardim/odeme-yollari-nelerdir.html]
[prehesap.com/yardim/sponsorluk-nasil-alabiirim.html]
[prehesap.com/yardim/odeme-dekontum-nerde-nasil-bulabilirim.html]
[prehesap.com/yardim/hesabima-giris-yapamiyorum-ne-yapmaliyim.html]
[prehesap.com/yardim/nasil-destek-alabilirim.html]
[prehesap.com/yardim/garanti-ne-kadar-suruyor.html]
[prehesap.com/yardim/garanti-kapsami-hangi-durumlarda-iptal-edilir.html]
[prehesap.com/yardim-merkezi.html]
[prehesap.com/yardim/garanti-kapsami-nedir.html]
[prehesap.com/sayfa/satis-sozlesmesi.html]
[prehesap.com/sayfa/hakkimizda.html]
[prehesap.com/urun/nba-2k21.html]
[prehesap.com/urun/fifa-21.html]
[prehesap.com/urun/forza-horizon-4-deluxe.html]
[prehesap.com/urun/counter-strike-global-offensive-prime-ek-oyunlar.html]
[prehesap.com/urun/red-dead-redemption-2.html]
[prehesap.com/urun/mafia-definitive-edition.html]
[prehesap.com/urun/minecraft-cape.html]
[prehesap.com/urun/minecon-cape.html]
[prehesap.com/urun/grand-theft-auto-v.html]
[prehesap.com/urun/steam-random-key.html]
[prehesap.com/urun/rainbow-six-siege.html]
[prehesap.com/urun/mount-blade-ii-bannerlord.html]
[prehesap.com/urun/efootball-pes-2020.html]
[prehesap.com/urun/football-manager-2020.html]
[prehesap.com/urun/nba-2k20.html]
[prehesap.com/urun/euro-truck-simulator-2.html]
[prehesap.com/urun/mafia-3.html]
[prehesap.com/urun/playerunknown-s-battlegrounds.html]
[prehesap.com/urun/the-witcher-3-wild-hunt.html]
[prehesap.com/urun/call-of-duty-black-ops-iii.html]
[prehesap.com/urun/call-of-duty-modern-warfare-3.html]
[prehesap.com/urun/mafia-2.html]
[prehesap.com/urun/15-yillik-steam-hesabi.html]
[prehesap.com/urun/portal-2.html]
[prehesap.com/urun/resident-evil-7-biohazard.html]
[prehesap.com/urun/dark-souls-iii-deluxe-edition.html]
[prehesap.com/urun/metro-2033-redux.html]
[prehesap.com/urun/metro-exodus.html]
[prehesap.com/urun/metro-2033.html]
[prehesap.com/urun/blutv.html]
[prehesap.com/urun/netflix-aile-4k.html]
[prehesap.com/urun/spotify.html]
[prehesap.com/urun/youtube-premium.html]
[prehesap.com/urun/sosyal-paket.html]
[prehesap.com/urun/fifa-20.html]
[prehesap.com/urun/battlefield-1.html]
[prehesap.com/urun/battlefield-3.html]
[prehesap.com/urun/battlefield-4.html]
[prehesap.com/urun/battlefield-5.html]
[prehesap.com/urun/need-for-speed-payback.html]
[prehesap.com/urun/need-for-speed-heat.html]
[prehesap.com/urun/the-sims-4.html]
[prehesap.com/urun/fifa-19.html]
[prehesap.com/urun/star-wars-battlefront.html]
[prehesap.com/urun/star-wars-battlefront-2.html]
[prehesap.com/urun/star-wars-jedi-fallen-order.html]
[prehesap.com/urun/a-way-out.html]
[prehesap.com/urun/anthem.html]
[prehesap.com/urun/battlefield-hardline.html]
[prehesap.com/urun/the-crew-2.html]
[prehesap.com/urun/watch-dogs-2.html]
[prehesap.com/urun/watch-dogs.html]
[prehesap.com/urun/far-cry-new-dawn.html]
[prehesap.com/urun/far-cry-5.html]
[prehesap.com/urun/far-cry-4.html]
[prehesap.com/urun/far-cry-3.html]
[prehesap.com/urun/tom-clancy-s-ghost-recon-wildlands.html]
[prehesap.com/urun/assassins-creed-odyssey.html]
[prehesap.com/urun/assassins-creed-black-flag.html]
[prehesap.com/urun/assassins-creed-syndicate.html]
[prehesap.com/urun/assassins-creed-origins.html]
[prehesap.com/urun/far-cry-primal.html]
[prehesap.com/urun/for-honor.html]
[prehesap.com/urun/20-50-fortnite-skin.html]
[prehesap.com/urun/40-100-fortnite-skin.html]
[prehesap.com/urun/detroit-become-human.html]
[prehesap.com/urun/borderlands-3.html]
[prehesap.com/urun/farming-simulator-19.html]
[prehesap.com/urun/sea-of-thives.html]
[prehesap.com/urun/forza-horizon-4-ultimate.html]
[prehesap.com/urun/windows-10-pro.html]
[prehesap.com/urun/windows-10-home.html]
[prehesap.com/urun/eset-antivirus.html]
[prehesap.com/urun/steam-saat-kasma-1200.html]
[prehesap.com/urun/rastgele-origin.html]
[prehesap.com/urun/uplay-rastgele.html]
[prehesap.com/urun/rockstar-rastgele.html]
[prehesap.com/assets/css/owl.video.play.html]
[prehesap.com/assets/css/mCSB_buttons.html]
[prehesap.com/assets/fonts/paymentfont-webfont.svg]
[prehesap.com/assets/img/arrow.svg]
[prehesap.com/assets/img/arrow2.svg]
[prehesap.com/assets/img/home.svg]
[prehesap.com/assets/img/breadcrumb.svg]
[prehesap.com/assets/img/checkmark.svg]
[prehesap.com/assets/img/document.svg]
[prehesap.com/yardim/steam-key-i-nasil-kullanabilirim.html]
[prehesap.com/yardim/urunu-satin-aldiktan-sonra-ne-kadar-surede-teslim-edilir.html]
[prehesap.com/yardim/kredi-karti-bilgilerimiz-kisisel-bilgilerimiz-guvende-mi.html]
[prehesap.com/yardim/odeme-yollari-nelerdir.html]
[prehesap.com/yardim/sponsorluk-nasil-alabiirim.html]
[prehesap.com/yardim/odeme-dekontum-nerde-nasil-bulabilirim.html]
[prehesap.com/yardim/hesabima-giris-yapamiyorum-ne-yapmaliyim.html]
[prehesap.com/yardim/nasil-destek-alabilirim.html]
[prehesap.com/yardim/garanti-ne-kadar-suruyor.html]
[prehesap.com/yardim/garanti-kapsami-hangi-durumlarda-iptal-edilir.html]
[prehesap.com/yardim/garanti-kapsami-nedir.html]
